...............                                                          [100%]
============================== warnings summary ===============================
C:\Users\35988\AppData\Local\Programs\Python\Python313\Lib\site-packages\starlette\formparsers.py:12
  C:\Users\35988\AppData\Local\Programs\Python\Python313\Lib\site-packages\starlette\formparsers.py:12: PendingDeprecationWarning: Please use `import python_multipart` instead.
    import multipart

tests/test_admin.py: 3 warnings
tests/test_cinema_crud.py: 8 warnings
tests/test_provider_admin_actions.py: 14 warnings
tests/test_reservation_basic.py: 10 warnings
tests/test_reservations.py: 5 warnings
tests/test_reservations_flow.py: 24 warnings
  C:\Users\35988\AppData\Local\Programs\Python\Python313\Lib\site-packages\jose\jwt.py:311: DeprecationWarning: datetime.datetime.utcnow() is deprecated and scheduled for removal in a future version. Use timezone-aware objects to represent datetimes in UTC: datetime.datetime.now(datetime.UTC).
    now = timegm(datetime.utcnow().utctimetuple())

-- Docs: https://docs.pytest.org/en/stable/how-to/capture-warnings.html
15 passed, 65 warnings in 16.58s
